[assembly: System.Reflection.AssemblyMetadata("RepositoryUrl", "https://github.com/aweXpect/aweXpect.Web.git")]
[assembly: System.Runtime.Versioning.TargetFramework(".NETCoreApp,Version=v8.0", FrameworkDisplayName=".NET 8.0")]
namespace aweXpect
{
    public class StatusCodeResult
    {
        public StatusCodeResult(aweXpect.Core.IThat<System.Net.Http.HttpResponseMessage?> source, System.Func<System.Net.Http.HttpResponseMessage, System.Net.HttpStatusCode> mapper) { }
        public aweXpect.Results.AndOrResult<System.Net.Http.HttpResponseMessage?, aweXpect.Core.IThat<System.Net.Http.HttpResponseMessage?>> ClientError() { }
        public aweXpect.Results.AndOrResult<System.Net.Http.HttpResponseMessage?, aweXpect.Core.IThat<System.Net.Http.HttpResponseMessage?>> DifferentTo(System.Net.HttpStatusCode? unexpected) { }
        public aweXpect.Results.AndOrResult<System.Net.Http.HttpResponseMessage?, aweXpect.Core.IThat<System.Net.Http.HttpResponseMessage?>> EqualTo(System.Net.HttpStatusCode? expected) { }
        public aweXpect.Results.AndOrResult<System.Net.Http.HttpResponseMessage?, aweXpect.Core.IThat<System.Net.Http.HttpResponseMessage?>> Error() { }
        public aweXpect.Results.AndOrResult<System.Net.Http.HttpResponseMessage?, aweXpect.Core.IThat<System.Net.Http.HttpResponseMessage?>> Redirection() { }
        public aweXpect.Results.AndOrResult<System.Net.Http.HttpResponseMessage?, aweXpect.Core.IThat<System.Net.Http.HttpResponseMessage?>> ServerError() { }
        public aweXpect.Results.AndOrResult<System.Net.Http.HttpResponseMessage?, aweXpect.Core.IThat<System.Net.Http.HttpResponseMessage?>> Success() { }
    }
    public static class ThatHttpResponseMessage
    {
        public static aweXpect.Results.StringEqualityTypeResult<System.Net.Http.HttpResponseMessage, aweXpect.Core.IThat<System.Net.Http.HttpResponseMessage?>> HasContent(this aweXpect.Core.IThat<System.Net.Http.HttpResponseMessage?> source, string expected) { }
        public static aweXpect.Results.StringEqualityTypeResult<System.Net.Http.HttpResponseMessage, aweXpect.Core.IThat<System.Net.Http.HttpResponseMessage?>> HasContentType(this aweXpect.Core.IThat<System.Net.Http.HttpResponseMessage?> source, string expected) { }
        public static aweXpect.StatusCodeResult HasStatusCode(this aweXpect.Core.IThat<System.Net.Http.HttpResponseMessage?> source) { }
        public static aweXpect.Results.AndOrResult<System.Net.Http.HttpResponseMessage?, aweXpect.Core.IThat<System.Net.Http.HttpResponseMessage?>> HasStatusCode(this aweXpect.Core.IThat<System.Net.Http.HttpResponseMessage?> source, System.Net.HttpStatusCode? expected) { }
    }
}
namespace aweXpect.Web.ContentProcessors
{
    public class BinaryContentProcessor : aweXpect.Web.ContentProcessors.IContentProcessor
    {
        public BinaryContentProcessor() { }
        public System.Threading.Tasks.Task<bool> AppendContentInfo(System.Text.StringBuilder messageBuilder, System.Net.Http.HttpContent httpContent, string indentation, System.Threading.CancellationToken cancellationToken = default) { }
    }
    public interface IContentProcessor
    {
        System.Threading.Tasks.Task<bool> AppendContentInfo(System.Text.StringBuilder messageBuilder, System.Net.Http.HttpContent httpContent, string indentation, System.Threading.CancellationToken cancellationToken = default);
    }
    public class JsonContentProcessor : aweXpect.Web.ContentProcessors.IContentProcessor
    {
        public JsonContentProcessor() { }
        public System.Threading.Tasks.Task<bool> AppendContentInfo(System.Text.StringBuilder messageBuilder, System.Net.Http.HttpContent httpContent, string indentation, System.Threading.CancellationToken cancellationToken = default) { }
    }
    public class StringContentProcessor : aweXpect.Web.ContentProcessors.IContentProcessor
    {
        public StringContentProcessor() { }
        public System.Threading.Tasks.Task<bool> AppendContentInfo(System.Text.StringBuilder messageBuilder, System.Net.Http.HttpContent httpContent, string indentation, System.Threading.CancellationToken cancellationToken = default) { }
    }
}
namespace aweXpect.Web
{
    public static class WebAwexpectCustomizationExtensions
    {
        public static aweXpect.Web.WebAwexpectCustomizationExtensions.WebCustomization Web(this aweXpect.Customization.AwexpectCustomization awexpectCustomization) { }
        public class WebCustomization : aweXpect.Customization.ICustomizationValueUpdater<aweXpect.Web.WebAwexpectCustomizationExtensions.WebCustomizationValue>
        {
            public aweXpect.Customization.ICustomizationValueSetter<aweXpect.Web.ContentProcessors.IContentProcessor[]> ContentProcessors { get; }
            public aweXpect.Web.WebAwexpectCustomizationExtensions.WebCustomizationValue Get() { }
            public aweXpect.Customization.CustomizationLifetime Update(System.Func<aweXpect.Web.WebAwexpectCustomizationExtensions.WebCustomizationValue, aweXpect.Web.WebAwexpectCustomizationExtensions.WebCustomizationValue> update) { }
        }
        public class WebCustomizationValue : System.IEquatable<aweXpect.Web.WebAwexpectCustomizationExtensions.WebCustomizationValue>
        {
            public WebCustomizationValue() { }
            public aweXpect.Web.ContentProcessors.IContentProcessor[] ContentProcessors { get; init; }
        }
    }
}